Analyzing Hydra-Bin-Web...                                      

   info - 'dart:html' is deprecated and shouldn't be used. Use package:web and dart:js_interop instead - lib\screens\home_screen.dart:13:1 - deprecated_member_use
   info - Don't use web-only libraries outside Flutter web plugins - lib\screens\home_screen.dart:13:1 - avoid_web_libraries_in_flutter
   info - 'dart:js' is deprecated and shouldn't be used. Use dart:js_interop instead - lib\screens\home_screen.dart:14:1 - deprecated_member_use
   info - Don't use web-only libraries outside Flutter web plugins - lib\screens\home_screen.dart:14:1 - avoid_web_libraries_in_flutter
   info - Unnecessary braces in a string interpolation - lib\screens\home_screen.dart:357:38 - unnecessary_brace_in_string_interps
   info - Unnecessary use of multiple underscores - lib\screens\splash_screen.dart:148:34 - unnecessary_underscores

flutter : 6 issues 
found. (ran in 1.9s)
At line:1 char:1
+ flutter analyze 
--no-pub > errors.txt 
2>&1 ; Get-Content 
errors.txt - ...
+ ~~~~~~~~~~~~~~~~~~~~
~~~~~~~~~~~~~~~~~~~~~~
    + CategoryInfo    
          : NotSpeci  
  fied: (6 issues f   
 ound. (ran in 1.9    
s):String) [], Re    
moteException
    + FullyQualifiedE 
   rrorId : NativeCo  
  mmandError
 
